2026-09-23 21:00:10,148 - Calendator - WARNING - metrika.py:22 - METRIKA_OAUTH_TOKEN is not set. Metrika offline conversions will not work.
2026-09-23 21:30:28,941 - Calendator - WARNING - metrika.py:22 - METRIKA_OAUTH_TOKEN is not set. Metrika offline conversions will not work.
2026-09-23 21:33:32,948 - Calendator - WARNING - metrika.py:22 - METRIKA_OAUTH_TOKEN is not set. Metrika offline conversions will not work.
2026-09-23 21:34:18,548 - Calendator - WARNING - metrika.py:22 - METRIKA_OAUTH_TOKEN is not set. Metrika offline conversions will not work.
2026-09-23 22:47:08,357 - Calendator - WARNING - metrika.py:22 - METRIKA_OAUTH_TOKEN is not set. Metrika offline conversions will not work.
2026-09-23 22:47:08,662 - Calendator - INFO - database.py:70 - Table 'users' ensured
2026-09-23 22:47:08,669 - Calendator - INFO - database.py:70 - Table 'events' ensured
2026-09-23 22:47:08,673 - Calendator - INFO - database.py:70 - Table 'events_notifications' ensured
2026-09-23 22:47:08,676 - Calendator - INFO - database.py:70 - Table 'users_costs' ensured
2026-09-23 22:47:08,679 - Calendator - INFO - database.py:70 - Table 'users_authorizations' ensured
2026-09-23 22:47:08,683 - Calendator - INFO - database.py:70 - Table 'oauth_states' ensured
2026-09-23 22:47:08,687 - Calendator - INFO - database.py:70 - Table 'plans' ensured
2026-09-23 22:47:08,690 - Calendator - INFO - database.py:70 - Table 'subscriptions' ensured
2026-09-23 22:47:08,692 - Calendator - INFO - database.py:70 - Table 'usage' ensured
2026-09-23 22:47:08,695 - Calendator - INFO - database.py:70 - Table 'payments' ensured
2026-09-23 22:47:08,699 - Calendator - INFO - database.py:70 - Table 'payment_notifications' ensured
2026-09-23 22:47:08,702 - Calendator - INFO - database.py:70 - Table 'analytics_events' ensured
2026-09-23 22:47:08,706 - Calendator - INFO - work_with_dp.py:193 - Initial plans inserted
2026-09-23 22:47:49,833 - Calendator - WARNING - metrika.py:22 - METRIKA_OAUTH_TOKEN is not set. Metrika offline conversions will not work.
2026-09-23 22:47:50,335 - Calendator - INFO - database.py:70 - Table 'users' ensured
2026-09-23 22:47:50,336 - Calendator - INFO - database.py:70 - Table 'events' ensured
2026-09-23 22:47:50,336 - Calendator - INFO - database.py:70 - Table 'events_notifications' ensured
2026-09-23 22:47:50,337 - Calendator - INFO - database.py:70 - Table 'users_costs' ensured
2026-09-23 22:47:50,337 - Calendator - INFO - database.py:70 - Table 'users_authorizations' ensured
2026-09-23 22:47:50,338 - Calendator - INFO - database.py:70 - Table 'oauth_states' ensured
2026-09-23 22:47:50,338 - Calendator - INFO - database.py:70 - Table 'plans' ensured
2026-09-23 22:47:50,339 - Calendator - INFO - database.py:70 - Table 'subscriptions' ensured
2026-09-23 22:47:50,339 - Calendator - INFO - database.py:70 - Table 'usage' ensured
2026-09-23 22:47:50,339 - Calendator - INFO - database.py:70 - Table 'payments' ensured
2026-09-23 22:47:50,339 - Calendator - INFO - database.py:70 - Table 'payment_notifications' ensured
2026-09-23 22:47:50,340 - Calendator - INFO - database.py:70 - Table 'analytics_events' ensured
2026-09-23 22:47:50,342 - Calendator - INFO - work_with_dp.py:195 - Plans already exist
2026-09-23 22:48:21,224 - Calendator - WARNING - metrika.py:22 - METRIKA_OAUTH_TOKEN is not set. Metrika offline conversions will not work.
2026-09-23 22:48:21,536 - Calendator - INFO - database.py:70 - Table 'users' ensured
2026-09-23 22:48:21,536 - Calendator - INFO - database.py:70 - Table 'events' ensured
2026-09-23 22:48:21,537 - Calendator - INFO - database.py:70 - Table 'events_notifications' ensured
2026-09-23 22:48:21,537 - Calendator - INFO - database.py:70 - Table 'users_costs' ensured
2026-09-23 22:48:21,537 - Calendator - INFO - database.py:70 - Table 'users_authorizations' ensured
2026-09-23 22:48:21,538 - Calendator - INFO - database.py:70 - Table 'oauth_states' ensured
2026-09-23 22:48:21,538 - Calendator - INFO - database.py:70 - Table 'plans' ensured
2026-09-23 22:48:21,538 - Calendator - INFO - database.py:70 - Table 'subscriptions' ensured
2026-09-23 22:48:21,539 - Calendator - INFO - database.py:70 - Table 'usage' ensured
2026-09-23 22:48:21,539 - Calendator - INFO - database.py:70 - Table 'payments' ensured
2026-09-23 22:48:21,539 - Calendator - INFO - database.py:70 - Table 'payment_notifications' ensured
2026-09-23 22:48:21,539 - Calendator - INFO - database.py:70 - Table 'analytics_events' ensured
2026-09-23 22:48:21,541 - Calendator - INFO - work_with_dp.py:195 - Plans already exist
2026-09-23 23:03:49,453 - Calendator - WARNING - metrika.py:22 - METRIKA_OAUTH_TOKEN is not set. Metrika offline conversions will not work.
2026-09-23 23:03:49,764 - Calendator - INFO - database.py:70 - Table 'users' ensured
2026-09-23 23:03:49,765 - Calendator - INFO - database.py:70 - Table 'events' ensured
2026-09-23 23:03:49,765 - Calendator - INFO - database.py:70 - Table 'events_notifications' ensured
2026-09-23 23:03:49,766 - Calendator - INFO - database.py:70 - Table 'users_costs' ensured
2026-09-23 23:03:49,766 - Calendator - INFO - database.py:70 - Table 'users_authorizations' ensured
2026-09-23 23:03:49,766 - Calendator - INFO - database.py:70 - Table 'oauth_states' ensured
2026-09-23 23:03:49,767 - Calendator - INFO - database.py:70 - Table 'plans' ensured
2026-09-23 23:03:49,767 - Calendator - INFO - database.py:70 - Table 'subscriptions' ensured
2026-09-23 23:03:49,767 - Calendator - INFO - database.py:70 - Table 'usage' ensured
2026-09-23 23:03:49,767 - Calendator - INFO - database.py:70 - Table 'payments' ensured
2026-09-23 23:03:49,768 - Calendator - INFO - database.py:70 - Table 'payment_notifications' ensured
2026-09-23 23:03:49,768 - Calendator - INFO - database.py:70 - Table 'analytics_events' ensured
2026-09-23 23:03:49,771 - Calendator - INFO - work_with_dp.py:195 - Plans already exist
2026-09-23 23:04:27,646 - Calendator - INFO - commands.py:29 - RAW message.text: /start
2026-09-23 23:04:27,646 - Calendator - INFO - commands.py:64 - START params: yclid=None, client_id=None
2026-09-23 23:04:27,650 - Calendator - ERROR - database.py:220 - Ошибка в select_data: ОШИБКА:  столбец "max_id" не существует
LINE 1: SELECT * FROM "users" WHERE "max_id" = 285707165
                                    ^

2026-09-23 23:04:29,344 - Calendator - INFO - commands.py:29 - RAW message.text: /start
2026-09-23 23:04:29,345 - Calendator - INFO - commands.py:64 - START params: yclid=None, client_id=None
2026-09-23 23:04:29,346 - Calendator - ERROR - database.py:220 - Ошибка в select_data: ОШИБКА:  столбец "max_id" не существует
LINE 1: SELECT * FROM "users" WHERE "max_id" = 285707165
                                    ^

2026-09-23 23:09:45,293 - Calendator - WARNING - metrika.py:22 - METRIKA_OAUTH_TOKEN is not set. Metrika offline conversions will not work.
2026-09-23 23:09:45,599 - Calendator - INFO - database.py:70 - Table 'users' ensured
2026-09-23 23:09:45,600 - Calendator - INFO - database.py:70 - Table 'events' ensured
2026-09-23 23:09:45,601 - Calendator - INFO - database.py:70 - Table 'events_notifications' ensured
2026-09-23 23:09:45,601 - Calendator - INFO - database.py:70 - Table 'users_costs' ensured
2026-09-23 23:09:45,602 - Calendator - INFO - database.py:70 - Table 'users_authorizations' ensured
2026-09-23 23:09:45,602 - Calendator - INFO - database.py:70 - Table 'oauth_states' ensured
2026-09-23 23:09:45,603 - Calendator - INFO - database.py:70 - Table 'plans' ensured
2026-09-23 23:09:45,603 - Calendator - INFO - database.py:70 - Table 'subscriptions' ensured
2026-09-23 23:09:45,603 - Calendator - INFO - database.py:70 - Table 'usage' ensured
2026-09-23 23:09:45,604 - Calendator - INFO - database.py:70 - Table 'payments' ensured
2026-09-23 23:09:45,604 - Calendator - INFO - database.py:70 - Table 'payment_notifications' ensured
2026-09-23 23:09:45,605 - Calendator - INFO - database.py:70 - Table 'analytics_events' ensured
2026-09-23 23:09:45,607 - Calendator - INFO - work_with_dp.py:195 - Plans already exist
2026-09-23 23:09:49,288 - Calendator - INFO - commands.py:29 - RAW message.text: /start
2026-09-23 23:09:49,288 - Calendator - INFO - commands.py:64 - START params: yclid=None, client_id=None
2026-09-23 23:09:49,290 - Calendator - ERROR - database.py:220 - Ошибка в select_data: ОШИБКА:  столбец "max_id" не существует
LINE 1: SELECT * FROM "users" WHERE "max_id" = 285707165
                                    ^

2026-09-23 23:14:21,310 - Calendator - WARNING - metrika.py:22 - METRIKA_OAUTH_TOKEN is not set. Metrika offline conversions will not work.
2026-09-23 23:14:21,533 - Calendator - INFO - database.py:70 - Table 'users' ensured
2026-09-23 23:14:21,533 - Calendator - INFO - database.py:70 - Table 'events' ensured
2026-09-23 23:14:21,534 - Calendator - INFO - database.py:70 - Table 'events_notifications' ensured
2026-09-23 23:14:21,534 - Calendator - INFO - database.py:70 - Table 'users_costs' ensured
2026-09-23 23:14:21,534 - Calendator - INFO - database.py:70 - Table 'users_authorizations' ensured
2026-09-23 23:14:21,535 - Calendator - INFO - database.py:70 - Table 'oauth_states' ensured
2026-09-23 23:14:21,535 - Calendator - INFO - database.py:70 - Table 'plans' ensured
2026-09-23 23:14:21,535 - Calendator - INFO - database.py:70 - Table 'subscriptions' ensured
2026-09-23 23:14:21,536 - Calendator - INFO - database.py:70 - Table 'usage' ensured
2026-09-23 23:14:21,536 - Calendator - INFO - database.py:70 - Table 'payments' ensured
2026-09-23 23:14:21,536 - Calendator - INFO - database.py:70 - Table 'payment_notifications' ensured
2026-09-23 23:14:21,536 - Calendator - INFO - database.py:70 - Table 'analytics_events' ensured
2026-09-23 23:14:21,538 - Calendator - INFO - work_with_dp.py:195 - Plans already exist
2026-09-23 23:14:24,339 - Calendator - INFO - commands.py:29 - RAW message.text: /start
2026-09-23 23:14:24,339 - Calendator - INFO - commands.py:64 - START params: yclid=None, client_id=None
2026-09-23 23:14:24,344 - Calendator - ERROR - database.py:127 - Ошибка в insert_data: ОШИБКА:  столбец "user_id" в таблице "users" не существует
LINE 1: INSERT INTO "users" ("user_id", "name", "max_nickname", "ycl...
                             ^

2026-09-23 23:15:47,064 - Calendator - WARNING - metrika.py:22 - METRIKA_OAUTH_TOKEN is not set. Metrika offline conversions will not work.
2026-09-23 23:15:47,274 - Calendator - INFO - database.py:70 - Table 'users' ensured
2026-09-23 23:15:47,275 - Calendator - INFO - database.py:70 - Table 'events' ensured
2026-09-23 23:15:47,275 - Calendator - INFO - database.py:70 - Table 'events_notifications' ensured
2026-09-23 23:15:47,275 - Calendator - INFO - database.py:70 - Table 'users_costs' ensured
2026-09-23 23:15:47,276 - Calendator - INFO - database.py:70 - Table 'users_authorizations' ensured
2026-09-23 23:15:47,276 - Calendator - INFO - database.py:70 - Table 'oauth_states' ensured
2026-09-23 23:15:47,276 - Calendator - INFO - database.py:70 - Table 'plans' ensured
2026-09-23 23:15:47,276 - Calendator - INFO - database.py:70 - Table 'subscriptions' ensured
2026-09-23 23:15:47,277 - Calendator - INFO - database.py:70 - Table 'usage' ensured
2026-09-23 23:15:47,277 - Calendator - INFO - database.py:70 - Table 'payments' ensured
2026-09-23 23:15:47,277 - Calendator - INFO - database.py:70 - Table 'payment_notifications' ensured
2026-09-23 23:15:47,277 - Calendator - INFO - database.py:70 - Table 'analytics_events' ensured
2026-09-23 23:15:47,280 - Calendator - INFO - work_with_dp.py:195 - Plans already exist
2026-09-23 23:15:50,631 - Calendator - INFO - commands.py:29 - RAW message.text: /start
2026-09-23 23:15:50,631 - Calendator - INFO - commands.py:64 - START params: yclid=None, client_id=None
2026-09-23 23:15:50,633 - Calendator - ERROR - database.py:220 - Ошибка в select_data: ОШИБКА:  столбец "max_id" не существует
LINE 1: SELECT * FROM "users" WHERE "max_id" = 285707165
                                    ^

2026-09-23 23:20:31,436 - Calendator - WARNING - metrika.py:22 - METRIKA_OAUTH_TOKEN is not set. Metrika offline conversions will not work.
2026-09-23 23:20:31,634 - Calendator - INFO - database.py:70 - Table 'users' ensured
2026-09-23 23:20:31,635 - Calendator - INFO - database.py:70 - Table 'events' ensured
2026-09-23 23:20:31,635 - Calendator - INFO - database.py:70 - Table 'events_notifications' ensured
2026-09-23 23:20:31,636 - Calendator - INFO - database.py:70 - Table 'users_costs' ensured
2026-09-23 23:20:31,636 - Calendator - INFO - database.py:70 - Table 'users_authorizations' ensured
2026-09-23 23:20:31,636 - Calendator - INFO - database.py:70 - Table 'oauth_states' ensured
2026-09-23 23:20:31,637 - Calendator - INFO - database.py:70 - Table 'plans' ensured
2026-09-23 23:20:31,637 - Calendator - INFO - database.py:70 - Table 'subscriptions' ensured
2026-09-23 23:20:31,638 - Calendator - INFO - database.py:70 - Table 'usage' ensured
2026-09-23 23:20:31,638 - Calendator - INFO - database.py:70 - Table 'payments' ensured
2026-09-23 23:20:31,638 - Calendator - INFO - database.py:70 - Table 'payment_notifications' ensured
2026-09-23 23:20:31,639 - Calendator - INFO - database.py:70 - Table 'analytics_events' ensured
2026-09-23 23:20:31,641 - Calendator - INFO - work_with_dp.py:195 - Plans already exist
2026-09-23 23:20:34,800 - Calendator - INFO - commands.py:29 - RAW message.text: /start
2026-09-23 23:20:34,800 - Calendator - INFO - commands.py:64 - START params: yclid=None, client_id=None
2026-09-23 23:20:34,808 - Calendator - INFO - commands.py:127 - New user 285707165 registered with free subscription
2026-09-23 23:20:34,808 - Calendator - INFO - commands.py:183 - No yclid/client_id — Metrika start_bot skipped
2026-09-23 23:20:34,810 - Calendator - ERROR - database.py:220 - Ошибка в select_data: ОШИБКА:  неверный синтаксис для типа bigint: "None"
LINE 1: SELECT * FROM "users" WHERE "user_id" = 'None'
                                                ^

2026-09-23 23:20:34,810 - Calendator - ERROR - TEXT.py:596 - Error retrieving text for key 'start_new' and language 'ru': ОШИБКА:  неверный синтаксис для типа bigint: "None"
LINE 1: SELECT * FROM "users" WHERE "user_id" = 'None'
                                                ^

2026-09-23 23:20:34,812 - Calendator - ERROR - database.py:220 - Ошибка в select_data: ОШИБКА:  неверный синтаксис для типа bigint: "None"
LINE 1: SELECT * FROM "users" WHERE "user_id" = 'None'
                                                ^

2026-09-23 23:20:34,812 - Calendator - ERROR - TEXT.py:596 - Error retrieving text for key 'prev_page_btn' and language 'ru': ОШИБКА:  неверный синтаксис для типа bigint: "None"
LINE 1: SELECT * FROM "users" WHERE "user_id" = 'None'
                                                ^

2026-09-23 23:20:34,812 - Calendator - ERROR - database.py:220 - Ошибка в select_data: ОШИБКА:  неверный синтаксис для типа bigint: "None"
LINE 1: SELECT * FROM "users" WHERE "user_id" = 'None'
                                                ^

2026-09-23 23:20:34,813 - Calendator - ERROR - TEXT.py:596 - Error retrieving text for key 'next_page_btn' and language 'ru': ОШИБКА:  неверный синтаксис для типа bigint: "None"
LINE 1: SELECT * FROM "users" WHERE "user_id" = 'None'
                                                ^

2026-09-23 23:27:21,214 - Calendator - WARNING - metrika.py:22 - METRIKA_OAUTH_TOKEN is not set. Metrika offline conversions will not work.
2026-09-23 23:27:21,420 - Calendator - INFO - database.py:70 - Table 'users' ensured
2026-09-23 23:27:21,421 - Calendator - INFO - database.py:70 - Table 'events' ensured
2026-09-23 23:27:21,422 - Calendator - INFO - database.py:70 - Table 'events_notifications' ensured
2026-09-23 23:27:21,422 - Calendator - INFO - database.py:70 - Table 'users_costs' ensured
2026-09-23 23:27:21,422 - Calendator - INFO - database.py:70 - Table 'users_authorizations' ensured
2026-09-23 23:27:21,423 - Calendator - INFO - database.py:70 - Table 'oauth_states' ensured
2026-09-23 23:27:21,423 - Calendator - INFO - database.py:70 - Table 'plans' ensured
2026-09-23 23:27:21,423 - Calendator - INFO - database.py:70 - Table 'subscriptions' ensured
2026-09-23 23:27:21,423 - Calendator - INFO - database.py:70 - Table 'usage' ensured
2026-09-23 23:27:21,424 - Calendator - INFO - database.py:70 - Table 'payments' ensured
2026-09-23 23:27:21,424 - Calendator - INFO - database.py:70 - Table 'payment_notifications' ensured
2026-09-23 23:27:21,424 - Calendator - INFO - database.py:70 - Table 'analytics_events' ensured
2026-09-23 23:27:21,426 - Calendator - INFO - work_with_dp.py:195 - Plans already exist
2026-09-23 23:27:27,283 - Calendator - INFO - commands.py:29 - RAW message.text: /start
2026-09-23 23:27:27,284 - Calendator - INFO - commands.py:64 - START params: yclid=None, client_id=None
2026-09-23 23:27:27,288 - Calendator - INFO - commands.py:183 - No yclid/client_id — Metrika start_bot skipped
2026-09-23 23:32:14,028 - Calendator - WARNING - metrika.py:22 - METRIKA_OAUTH_TOKEN is not set. Metrika offline conversions will not work.
2026-09-23 23:32:14,237 - Calendator - INFO - database.py:70 - Table 'users' ensured
2026-09-23 23:32:14,237 - Calendator - INFO - database.py:70 - Table 'events' ensured
2026-09-23 23:32:14,238 - Calendator - INFO - database.py:70 - Table 'events_notifications' ensured
2026-09-23 23:32:14,238 - Calendator - INFO - database.py:70 - Table 'users_costs' ensured
2026-09-23 23:32:14,238 - Calendator - INFO - database.py:70 - Table 'users_authorizations' ensured
2026-09-23 23:32:14,239 - Calendator - INFO - database.py:70 - Table 'oauth_states' ensured
2026-09-23 23:32:14,239 - Calendator - INFO - database.py:70 - Table 'plans' ensured
2026-09-23 23:32:14,239 - Calendator - INFO - database.py:70 - Table 'subscriptions' ensured
2026-09-23 23:32:14,239 - Calendator - INFO - database.py:70 - Table 'usage' ensured
2026-09-23 23:32:14,240 - Calendator - INFO - database.py:70 - Table 'payments' ensured
2026-09-23 23:32:14,240 - Calendator - INFO - database.py:70 - Table 'payment_notifications' ensured
2026-09-23 23:32:14,240 - Calendator - INFO - database.py:70 - Table 'analytics_events' ensured
2026-09-23 23:32:14,242 - Calendator - INFO - work_with_dp.py:195 - Plans already exist
2026-09-23 23:32:17,403 - Calendator - INFO - commands.py:29 - RAW message.text: /start
2026-09-23 23:32:17,403 - Calendator - INFO - commands.py:64 - START params: yclid=None, client_id=None
2026-09-23 23:32:17,405 - Calendator - INFO - commands.py:183 - No yclid/client_id — Metrika start_bot skipped
2026-09-23 23:33:54,244 - Calendator - WARNING - metrika.py:22 - METRIKA_OAUTH_TOKEN is not set. Metrika offline conversions will not work.
2026-09-23 23:33:54,448 - Calendator - INFO - database.py:70 - Table 'users' ensured
2026-09-23 23:33:54,448 - Calendator - INFO - database.py:70 - Table 'events' ensured
2026-09-23 23:33:54,449 - Calendator - INFO - database.py:70 - Table 'events_notifications' ensured
2026-09-23 23:33:54,449 - Calendator - INFO - database.py:70 - Table 'users_costs' ensured
2026-09-23 23:33:54,450 - Calendator - INFO - database.py:70 - Table 'users_authorizations' ensured
2026-09-23 23:33:54,450 - Calendator - INFO - database.py:70 - Table 'oauth_states' ensured
2026-09-23 23:33:54,450 - Calendator - INFO - database.py:70 - Table 'plans' ensured
2026-09-23 23:33:54,450 - Calendator - INFO - database.py:70 - Table 'subscriptions' ensured
2026-09-23 23:33:54,451 - Calendator - INFO - database.py:70 - Table 'usage' ensured
2026-09-23 23:33:54,451 - Calendator - INFO - database.py:70 - Table 'payments' ensured
2026-09-23 23:33:54,451 - Calendator - INFO - database.py:70 - Table 'payment_notifications' ensured
2026-09-23 23:33:54,452 - Calendator - INFO - database.py:70 - Table 'analytics_events' ensured
2026-09-23 23:33:54,453 - Calendator - INFO - work_with_dp.py:195 - Plans already exist
2026-09-23 23:33:57,090 - Calendator - INFO - commands.py:29 - RAW message.text: /start
2026-09-23 23:33:57,090 - Calendator - INFO - commands.py:64 - START params: yclid=None, client_id=None
2026-09-23 23:33:57,093 - Calendator - INFO - commands.py:183 - No yclid/client_id — Metrika start_bot skipped
2026-09-23 23:34:08,004 - Calendator - ERROR - database.py:175 - Ошибка в update_data: ОШИБКА:  столбец "max_id" не существует
LINE 1: ...rs" SET "timezone_offset" = 'Europe/Moscow' WHERE "max_id" =...
                                                             ^

2026-09-23 23:39:25,507 - Calendator - INFO - commands.py:29 - RAW message.text: /start
2026-09-23 23:39:25,507 - Calendator - INFO - commands.py:64 - START params: yclid=None, client_id=None
2026-09-23 23:39:25,508 - Calendator - INFO - commands.py:183 - No yclid/client_id — Metrika start_bot skipped
2026-09-23 23:39:30,536 - Calendator - ERROR - database.py:175 - Ошибка в update_data: ОШИБКА:  столбец "max_id" не существует
LINE 1: ...rs" SET "timezone_offset" = 'Europe/Moscow' WHERE "max_id" =...
                                                             ^

2026-09-23 23:39:39,757 - Calendator - WARNING - metrika.py:22 - METRIKA_OAUTH_TOKEN is not set. Metrika offline conversions will not work.
2026-09-23 23:39:39,967 - Calendator - INFO - database.py:70 - Table 'users' ensured
2026-09-23 23:39:39,968 - Calendator - INFO - database.py:70 - Table 'events' ensured
2026-09-23 23:39:39,968 - Calendator - INFO - database.py:70 - Table 'events_notifications' ensured
2026-09-23 23:39:39,968 - Calendator - INFO - database.py:70 - Table 'users_costs' ensured
2026-09-23 23:39:39,969 - Calendator - INFO - database.py:70 - Table 'users_authorizations' ensured
2026-09-23 23:39:39,969 - Calendator - INFO - database.py:70 - Table 'oauth_states' ensured
2026-09-23 23:39:39,969 - Calendator - INFO - database.py:70 - Table 'plans' ensured
2026-09-23 23:39:39,970 - Calendator - INFO - database.py:70 - Table 'subscriptions' ensured
2026-09-23 23:39:39,970 - Calendator - INFO - database.py:70 - Table 'usage' ensured
2026-09-23 23:39:39,970 - Calendator - INFO - database.py:70 - Table 'payments' ensured
2026-09-23 23:39:39,970 - Calendator - INFO - database.py:70 - Table 'payment_notifications' ensured
2026-09-23 23:39:39,970 - Calendator - INFO - database.py:70 - Table 'analytics_events' ensured
2026-09-23 23:39:39,972 - Calendator - INFO - work_with_dp.py:195 - Plans already exist
2026-09-23 23:39:42,707 - Calendator - INFO - commands.py:29 - RAW message.text: /start
2026-09-23 23:39:42,707 - Calendator - INFO - commands.py:64 - START params: yclid=None, client_id=None
2026-09-23 23:39:42,710 - Calendator - INFO - commands.py:183 - No yclid/client_id — Metrika start_bot skipped
2026-09-23 23:39:53,894 - Calendator - INFO - commands.py:29 - RAW message.text: /start
2026-09-23 23:39:53,894 - Calendator - INFO - commands.py:64 - START params: yclid=None, client_id=None
2026-09-23 23:39:53,895 - Calendator - INFO - commands.py:183 - No yclid/client_id — Metrika start_bot skipped
2026-09-23 23:58:47,149 - Calendator - WARNING - metrika.py:22 - METRIKA_OAUTH_TOKEN is not set. Metrika offline conversions will not work.
2026-09-23 23:58:47,364 - Calendator - INFO - database.py:70 - Table 'users' ensured
2026-09-23 23:58:47,365 - Calendator - INFO - database.py:70 - Table 'events' ensured
2026-09-23 23:58:47,366 - Calendator - INFO - database.py:70 - Table 'events_notifications' ensured
2026-09-23 23:58:47,366 - Calendator - INFO - database.py:70 - Table 'users_costs' ensured
2026-09-23 23:58:47,366 - Calendator - INFO - database.py:70 - Table 'users_authorizations' ensured
2026-09-23 23:58:47,366 - Calendator - INFO - database.py:70 - Table 'oauth_states' ensured
2026-09-23 23:58:47,367 - Calendator - INFO - database.py:70 - Table 'plans' ensured
2026-09-23 23:58:47,367 - Calendator - INFO - database.py:70 - Table 'subscriptions' ensured
2026-09-23 23:58:47,367 - Calendator - INFO - database.py:70 - Table 'usage' ensured
2026-09-23 23:58:47,367 - Calendator - INFO - database.py:70 - Table 'payments' ensured
2026-09-23 23:58:47,368 - Calendator - INFO - database.py:70 - Table 'payment_notifications' ensured
2026-09-23 23:58:47,368 - Calendator - INFO - database.py:70 - Table 'analytics_events' ensured
2026-09-23 23:58:47,370 - Calendator - INFO - work_with_dp.py:195 - Plans already exist
2026-09-24 00:00:22,278 - Calendator - INFO - commands.py:29 - RAW message.text: /start
2026-09-24 00:00:22,279 - Calendator - INFO - commands.py:64 - START params: yclid=None, client_id=None
2026-09-24 00:00:22,284 - Calendator - INFO - commands.py:183 - No yclid/client_id — Metrika start_bot skipped
