2026-09-24 00:09:56,672 - Calendator - ERROR - database.py:220 - Ошибка в select_data: ОШИБКА:  неверный синтаксис для типа bigint: "None"
LINE 1: SELECT * FROM "users" WHERE "user_id" = 'None'
                                                ^

2026-09-24 00:09:56,673 - Calendator - ERROR - TEXT.py:596 - Error retrieving text for key 'start_registered' and language 'ru': ОШИБКА:  неверный синтаксис для типа bigint: "None"
LINE 1: SELECT * FROM "users" WHERE "user_id" = 'None'
                                                ^

2026-09-24 00:09:56,676 - Calendator - ERROR - database.py:220 - Ошибка в select_data: ОШИБКА:  неверный синтаксис для типа bigint: "None"
LINE 1: SELECT * FROM "users" WHERE "user_id" = 'None'
                                                ^

2026-09-24 00:09:56,677 - Calendator - ERROR - TEXT.py:596 - Error retrieving text for key 'what_is_kalendator' and language 'ru': ОШИБКА:  неверный синтаксис для типа bigint: "None"
LINE 1: SELECT * FROM "users" WHERE "user_id" = 'None'
                                                ^

2026-09-24 00:09:56,678 - Calendator - ERROR - database.py:220 - Ошибка в select_data: ОШИБКА:  неверный синтаксис для типа bigint: "None"
LINE 1: SELECT * FROM "users" WHERE "user_id" = 'None'
                                                ^

2026-09-24 00:09:56,678 - Calendator - ERROR - TEXT.py:596 - Error retrieving text for key 'connect_calendars' and language 'ru': ОШИБКА:  неверный синтаксис для типа bigint: "None"
LINE 1: SELECT * FROM "users" WHERE "user_id" = 'None'
                                                ^

2026-09-24 00:09:56,678 - Calendator - ERROR - database.py:220 - Ошибка в select_data: ОШИБКА:  неверный синтаксис для типа bigint: "None"
LINE 1: SELECT * FROM "users" WHERE "user_id" = 'None'
                                                ^

2026-09-24 00:09:56,679 - Calendator - ERROR - TEXT.py:596 - Error retrieving text for key 'support_btn' and language 'ru': ОШИБКА:  неверный синтаксис для типа bigint: "None"
LINE 1: SELECT * FROM "users" WHERE "user_id" = 'None'
                                                ^

2026-09-24 00:09:56,680 - Calendator - ERROR - database.py:220 - Ошибка в select_data: ОШИБКА:  неверный синтаксис для типа bigint: "None"
LINE 1: SELECT * FROM "users" WHERE "user_id" = 'None'
                                                ^

2026-09-24 00:09:56,680 - Calendator - ERROR - TEXT.py:596 - Error retrieving text for key 'admin_panel_btn' and language 'ru': ОШИБКА:  неверный синтаксис для типа bigint: "None"
LINE 1: SELECT * FROM "users" WHERE "user_id" = 'None'
                                                ^

2026-09-24 00:09:56,682 - Calendator - ERROR - database.py:220 - Ошибка в select_data: ОШИБКА:  неверный синтаксис для типа bigint: "None"
LINE 1: SELECT * FROM "users" WHERE "user_id" = 'None'
                                                ^

2026-09-24 00:09:56,682 - Calendator - ERROR - TEXT.py:596 - Error retrieving text for key 'settings_btn' and language 'ru': ОШИБКА:  неверный синтаксис для типа bigint: "None"
LINE 1: SELECT * FROM "users" WHERE "user_id" = 'None'
                                                ^

2026-09-24 00:09:56,683 - Calendator - ERROR - database.py:220 - Ошибка в select_data: ОШИБКА:  неверный синтаксис для типа bigint: "None"
LINE 1: SELECT * FROM "users" WHERE "user_id" = 'None'
                                                ^

2026-09-24 00:09:56,684 - Calendator - ERROR - TEXT.py:596 - Error retrieving text for key 'documents_btn' and language 'ru': ОШИБКА:  неверный синтаксис для типа bigint: "None"
LINE 1: SELECT * FROM "users" WHERE "user_id" = 'None'
                                                ^

2026-09-24 00:09:56,687 - Calendator - ERROR - database.py:220 - Ошибка в select_data: ОШИБКА:  неверный синтаксис для типа bigint: "None"
LINE 1: SELECT * FROM "users" WHERE "user_id" = 'None'
                                                ^

2026-09-24 00:09:56,687 - Calendator - ERROR - TEXT.py:596 - Error retrieving text for key 'manage_subscription' and language 'ru': ОШИБКА:  неверный синтаксис для типа bigint: "None"
LINE 1: SELECT * FROM "users" WHERE "user_id" = 'None'
                                                ^

2026-09-24 00:14:28,038 - Calendator - ERROR - database.py:220 - Ошибка в select_data: ОШИБКА:  неверный синтаксис для типа bigint: "None"
LINE 1: SELECT * FROM "users" WHERE "user_id" = 'None'
                                                ^

2026-09-24 00:14:28,039 - Calendator - ERROR - TEXT.py:596 - Error retrieving text for key 'change_language' and language 'ru': ОШИБКА:  неверный синтаксис для типа bigint: "None"
LINE 1: SELECT * FROM "users" WHERE "user_id" = 'None'
                                                ^

2026-09-24 00:14:28,040 - Calendator - ERROR - database.py:220 - Ошибка в select_data: ОШИБКА:  неверный синтаксис для типа bigint: "None"
LINE 1: SELECT * FROM "users" WHERE "user_id" = 'None'
                                                ^

2026-09-24 00:14:28,040 - Calendator - ERROR - TEXT.py:596 - Error retrieving text for key 'update_notifications_btn' and language 'ru': ОШИБКА:  неверный синтаксис для типа bigint: "None"
LINE 1: SELECT * FROM "users" WHERE "user_id" = 'None'
                                                ^

2026-09-24 00:14:28,041 - Calendator - ERROR - database.py:220 - Ошибка в select_data: ОШИБКА:  неверный синтаксис для типа bigint: "None"
LINE 1: SELECT * FROM "users" WHERE "user_id" = 'None'
                                                ^

2026-09-24 00:14:28,042 - Calendator - ERROR - TEXT.py:596 - Error retrieving text for key 'update_time_btn' and language 'ru': ОШИБКА:  неверный синтаксис для типа bigint: "None"
LINE 1: SELECT * FROM "users" WHERE "user_id" = 'None'
                                                ^

2026-09-24 00:17:22,544 - Calendator - ERROR - database.py:220 - Ошибка в select_data: ОШИБКА:  неверный синтаксис для типа bigint: "None"
LINE 1: SELECT * FROM "users" WHERE "user_id" = 'None'
                                                ^

2026-09-24 00:17:22,544 - Calendator - ERROR - TEXT.py:596 - Error retrieving text for key 'change_language' and language 'ru': ОШИБКА:  неверный синтаксис для типа bigint: "None"
LINE 1: SELECT * FROM "users" WHERE "user_id" = 'None'
                                                ^

2026-09-24 00:17:22,546 - Calendator - ERROR - database.py:220 - Ошибка в select_data: ОШИБКА:  неверный синтаксис для типа bigint: "None"
LINE 1: SELECT * FROM "users" WHERE "user_id" = 'None'
                                                ^

2026-09-24 00:17:22,546 - Calendator - ERROR - TEXT.py:596 - Error retrieving text for key 'update_notifications_btn' and language 'ru': ОШИБКА:  неверный синтаксис для типа bigint: "None"
LINE 1: SELECT * FROM "users" WHERE "user_id" = 'None'
                                                ^

2026-09-24 00:17:22,547 - Calendator - ERROR - database.py:220 - Ошибка в select_data: ОШИБКА:  неверный синтаксис для типа bigint: "None"
LINE 1: SELECT * FROM "users" WHERE "user_id" = 'None'
                                                ^

2026-09-24 00:17:22,548 - Calendator - ERROR - TEXT.py:596 - Error retrieving text for key 'update_time_btn' and language 'ru': ОШИБКА:  неверный синтаксис для типа bigint: "None"
LINE 1: SELECT * FROM "users" WHERE "user_id" = 'None'
                                                ^

2026-09-24 01:31:13,238 - Calendator - ERROR - database.py:220 - Ошибка в select_data: ОШИБКА:  столбец "max_id" не существует
LINE 1: SELECT * FROM "users" WHERE "max_id" = 285707165
                                    ^

2026-09-24 13:05:52,276 - Calendator - ERROR - database.py:220 - Ошибка в select_data: ОШИБКА:  столбец "max_id" не существует
LINE 1: SELECT * FROM "users" WHERE "max_id" = 285707165
                                    ^

2026-09-24 13:07:39,418 - Calendator - ERROR - database.py:220 - Ошибка в select_data: ОШИБКА:  столбец "max_id" не существует
LINE 1: SELECT "max_id" FROM "users" WHERE "id" = 1
               ^

2026-09-24 13:11:54,847 - Calendator - ERROR - database.py:220 - Ошибка в select_data: ОШИБКА:  столбец "max_id" не существует
LINE 1: SELECT "max_id" FROM "users" WHERE "id" = 1
               ^

2026-09-24 13:18:27,055 - Calendator - ERROR - get_correct_time.py:45 - Duckling error: HTTPConnectionPool(host='localhost', port=8001): Max retries exceeded with url: /parse (Caused by NewConnectionError('<urllib3.connection.HTTPConnection object at 0x0000023FE3131160>: Failed to establish a new connection: [WinError 10061] Подключение не установлено, т.к. конечный компьютер отверг запрос на подключение'))
2026-09-24 13:35:38,047 - Calendator - ERROR - database.py:175 - Ошибка в update_data: ОШИБКА:  столбец "max_id" не существует
LINE 1: ...DATE "users" SET "notification_time" = 2864 WHERE "max_id" =...
                                                             ^

2026-09-24 14:04:45,084 - Calendator - ERROR - router.py:820 - Error saving calendar credentials for user 285707165: AuthorizationError at 'https://caldav.icloud.com', reason Unauthorized
