2026-09-23 23:04:27,650 - Calendator - ERROR - database.py:220 - Ошибка в select_data: ОШИБКА:  столбец "max_id" не существует
LINE 1: SELECT * FROM "users" WHERE "max_id" = 285707165
                                    ^

2026-09-23 23:04:29,346 - Calendator - ERROR - database.py:220 - Ошибка в select_data: ОШИБКА:  столбец "max_id" не существует
LINE 1: SELECT * FROM "users" WHERE "max_id" = 285707165
                                    ^

2026-09-23 23:09:49,290 - Calendator - ERROR - database.py:220 - Ошибка в select_data: ОШИБКА:  столбец "max_id" не существует
LINE 1: SELECT * FROM "users" WHERE "max_id" = 285707165
                                    ^

2026-09-23 23:14:24,344 - Calendator - ERROR - database.py:127 - Ошибка в insert_data: ОШИБКА:  столбец "user_id" в таблице "users" не существует
LINE 1: INSERT INTO "users" ("user_id", "name", "max_nickname", "ycl...
                             ^

2026-09-23 23:15:50,633 - Calendator - ERROR - database.py:220 - Ошибка в select_data: ОШИБКА:  столбец "max_id" не существует
LINE 1: SELECT * FROM "users" WHERE "max_id" = 285707165
                                    ^

2026-09-23 23:20:34,810 - Calendator - ERROR - database.py:220 - Ошибка в select_data: ОШИБКА:  неверный синтаксис для типа bigint: "None"
LINE 1: SELECT * FROM "users" WHERE "user_id" = 'None'
                                                ^

2026-09-23 23:20:34,810 - Calendator - ERROR - TEXT.py:596 - Error retrieving text for key 'start_new' and language 'ru': ОШИБКА:  неверный синтаксис для типа bigint: "None"
LINE 1: SELECT * FROM "users" WHERE "user_id" = 'None'
                                                ^

2026-09-23 23:20:34,812 - Calendator - ERROR - database.py:220 - Ошибка в select_data: ОШИБКА:  неверный синтаксис для типа bigint: "None"
LINE 1: SELECT * FROM "users" WHERE "user_id" = 'None'
                                                ^

2026-09-23 23:20:34,812 - Calendator - ERROR - TEXT.py:596 - Error retrieving text for key 'prev_page_btn' and language 'ru': ОШИБКА:  неверный синтаксис для типа bigint: "None"
LINE 1: SELECT * FROM "users" WHERE "user_id" = 'None'
                                                ^

2026-09-23 23:20:34,812 - Calendator - ERROR - database.py:220 - Ошибка в select_data: ОШИБКА:  неверный синтаксис для типа bigint: "None"
LINE 1: SELECT * FROM "users" WHERE "user_id" = 'None'
                                                ^

2026-09-23 23:20:34,813 - Calendator - ERROR - TEXT.py:596 - Error retrieving text for key 'next_page_btn' and language 'ru': ОШИБКА:  неверный синтаксис для типа bigint: "None"
LINE 1: SELECT * FROM "users" WHERE "user_id" = 'None'
                                                ^

2026-09-23 23:34:08,004 - Calendator - ERROR - database.py:175 - Ошибка в update_data: ОШИБКА:  столбец "max_id" не существует
LINE 1: ...rs" SET "timezone_offset" = 'Europe/Moscow' WHERE "max_id" =...
                                                             ^

2026-09-23 23:39:30,536 - Calendator - ERROR - database.py:175 - Ошибка в update_data: ОШИБКА:  столбец "max_id" не существует
LINE 1: ...rs" SET "timezone_offset" = 'Europe/Moscow' WHERE "max_id" =...
                                                             ^

